// Vitest Snapshot v1, https://vitest.dev/guide/snapshot.html

exports[`Error output format > should correctly output the custom error defined on the js side 1`] = `
"Build failed with 1 error:

[plugin test-plugin]
Error: js side error
    at PluginContextImpl.buildEnd (error.test.ts:148:21)
    at plugin (src-DEf1-YJM.mjs:1357:18)
    at plugin.<computed> (src-DEf1-YJM.mjs:1963:18)"
`;

exports[`Error output format > should correctly output the custom error defined on the rust side 1`] = `
"Build failed with 1 error:

[31m[UNRESOLVED_IMPORT] Error:[0m Could not resolve './world' in error.js
   [38;5;246mâ•­[0m[38;5;246mâ”€[0m[38;5;246m[[0m error.js:1:19 [38;5;246m][0m
   [38;5;246mâ”‚[0m
 [38;5;246m1 â”‚[0m [38;5;249mi[0m[38;5;249mm[0m[38;5;249mp[0m[38;5;249mo[0m[38;5;249mr[0m[38;5;249mt[0m[38;5;249m [0m[38;5;249mh[0m[38;5;249me[0m[38;5;249ml[0m[38;5;249ml[0m[38;5;249mo[0m[38;5;249m [0m[38;5;249mf[0m[38;5;249mr[0m[38;5;249mo[0m[38;5;249mm[0m[38;5;249m [0m'./world'
 [38;5;240m  â”‚[0m                   â”€â”€â”€â”€â”¬â”€â”€â”€â”€  
 [38;5;240m  â”‚[0m                       â•°â”€â”€â”€â”€â”€â”€ Module not found.
[38;5;246mâ”€â”€â”€â•¯[0m
"
`;
